Java Card 2.1.1 ApduTool (version 1.1)
Copyright (c) 2000 Sun Microsystems, Inc. All rights reserved.
Opening connection to localhost on port 9,025.
Connected.
CLA: 00, INS: a4, P1: 04, P2: 00, Lc: 09, a0, 00, 00, 00, 62, 03, 01, 08, 01, Le: 00, SW1: 90, SW2: 00
CLA: 80, INS: b0, P1: 00, P2: 00, Lc: 00, Le: 00, SW1: 90, SW2: 00
CLA: 80, INS: b8, P1: 00, P2: 00, Lc: 0c, 0a, a0, 00, 00, 00, 62, 03, 01, 0c, 02, 01, 00, Le: 0a, a0, 00, 00, 00, 62, 03, 01, 0c, 02, 01, SW1: 90, SW2: 00
CLA: 80, INS: b8, P1: 00, P2: 00, Lc: 0c, 0a, a0, 00, 00, 00, 62, 03, 01, 0c, 05, 01, 00, Le: 0a, a0, 00, 00, 00, 62, 03, 01, 0c, 05, 01, SW1: 90, SW2: 00
CLA: 80, INS: b8, P1: 00, P2: 00, Lc: 11, 0a, a0, 00, 00, 00, 62, 03, 01, 0c, 06, 01, 05, 01, 02, 03, 04, 05, Le: 0a, a0, 00, 00, 00, 62, 03, 01, 0c, 06, 01, SW1: 90, SW2: 00
CLA: 80, INS: ba, P1: 00, P2: 00, Lc: 00, Le: 00, SW1: 90, SW2: 00
CLA: 00, INS: a4, P1: 04, P2: 00, Lc: 0a, a0, 00, 00, 00, 62, 03, 01, 0c, 02, 01, Le: 11, 6f, 0f, 84, 0a, a0, 00, 00, 00, 62, 03, 01, 0c, 02, 03, a5, 01, 42, SW1: 90, SW2: 00
CLA: 80, INS: 24, P1: 00, P2: 00, Lc: 00, Le: 09, 00, 00, 00, 00, 0c, 1f, 63, 00, 01, SW1: 90, SW2: 00
CLA: 80, INS: 26, P1: 00, P2: 00, Lc: 1a, 11, 22, 33, 44, 00, 00, 00, 00, c1, 08, 01, 02, 03, 04, 05, 06, 07, 08, 00, 00, 00, 00, 00, 00, 00, 00, Le: 08, 00, 00, 00, 00, 00, 00, 00, 00, SW1: 90, SW2: 00
CLA: 00, INS: 20, P1: 00, P2: 81, Lc: 08, 01, 02, 03, 04, 05, 06, 07, 08, Le: 00, SW1: 90, SW2: 00
CLA: 80, INS: 24, P1: 00, P2: 00, Lc: 00, Le: 09, 00, 00, 00, 00, 0c, 1f, 63, 00, 02, SW1: 90, SW2: 00
CLA: 80, INS: 26, P1: 00, P2: 00, Lc: 16, 11, 22, 33, 44, 00, 00, 00, 00, c2, 04, 01, 02, 03, 04, 00, 00, 00, 00, 00, 00, 00, 00, Le: 08, 00, 00, 00, 00, 00, 00, 00, 00, SW1: 90, SW2: 00
CLA: 80, INS: 24, P1: 00, P2: 00, Lc: 00, Le: 09, 00, 00, 00, 00, 0c, 1f, 63, 00, 03, SW1: 90, SW2: 00
CLA: 80, INS: 26, P1: 00, P2: 00, Lc: 15, 11, 22, 33, 44, 00, 00, 00, 00, c5, 03, 0c, 1f, 62, 00, 00, 00, 00, 00, 00, 00, 00, Le: 08, 00, 00, 00, 00, 00, 00, 00, 00, SW1: 90, SW2: 00
CLA: 80, INS: 24, P1: 00, P2: 00, Lc: 00, Le: 09, 00, 00, 00, 00, 0c, 1f, 62, 00, 04, SW1: 90, SW2: 00
CLA: 80, INS: 26, P1: 00, P2: 00, Lc: 16, 11, 22, 33, 44, 00, 00, 00, 00, c6, 04, 05, 05, 05, 05, 00, 00, 00, 00, 00, 00, 00, 00, Le: 08, 00, 00, 00, 00, 00, 00, 00, 00, SW1: 90, SW2: 00
CLA: 80, INS: 24, P1: 00, P2: 00, Lc: 00, Le: 09, 05, 05, 05, 05, 0c, 1f, 62, 00, 05, SW1: 90, SW2: 00
CLA: 80, INS: 26, P1: 00, P2: 00, Lc: 14, 11, 22, 33, 44, 00, 00, 00, 00, c7, 02, 7d, 00, 00, 00, 00, 00, 00, 00, 00, 00, Le: 08, 00, 00, 00, 00, 00, 00, 00, 00, SW1: 90, SW2: 00
CLA: 80, INS: 24, P1: 00, P2: 00, Lc: 00, Le: 09, 05, 05, 05, 05, 0c, 1f, 62, 00, 06, SW1: 90, SW2: 00
CLA: 80, INS: 26, P1: 00, P2: 00, Lc: 14, 11, 22, 33, 44, 00, 00, 00, 00, c8, 02, 0b, b8, 00, 00, 00, 00, 00, 00, 00, 00, Le: 08, 00, 00, 00, 00, 00, 00, 00, 00, SW1: 90, SW2: 00
CLA: 80, INS: 24, P1: 00, P2: 00, Lc: 00, Le: 09, 05, 05, 05, 05, 0c, 1f, 62, 00, 07, SW1: 90, SW2: 00
CLA: 80, INS: 26, P1: 00, P2: 00, Lc: 16, 11, 22, 33, 44, 00, 00, 00, 00, c9, 04, 02, 01, 00, 01, 00, 00, 00, 00, 00, 00, 00, 00, Le: 08, 00, 00, 00, 00, 00, 00, 00, 00, SW1: 90, SW2: 00
CLA: 80, INS: 24, P1: 00, P2: 00, Lc: 00, Le: 09, 05, 05, 05, 05, 0c, 1f, 62, 00, 08, SW1: 90, SW2: 00
CLA: 80, INS: 26, P1: 00, P2: 00, Lc: 1d, 11, 22, 33, 44, 00, 00, 00, 00, ca, 0b, 33, 55, a0, 00, 00, 00, 62, 03, 01, 07, 01, 00, 00, 00, 00, 00, 00, 00, 00, Le: 08, 00, 00, 00, 00, 00, 00, 00, 00, SW1: 90, SW2: 00
CLA: 00, INS: a4, P1: 04, P2: 00, Lc: 0a, a0, 00, 00, 00, 62, 03, 01, 0c, 02, 01, Le: 11, 6f, 0f, 84, 0a, a0, 00, 00, 00, 62, 03, 01, 0c, 02, 03, a5, 01, 42, SW1: 90, SW2: 00
CLA: 00, INS: 20, P1: 00, P2: 82, Lc: 04, 01, 02, 03, 04, Le: 00, SW1: 90, SW2: 00
CLA: 80, INS: 20, P1: 01, P2: 00, Lc: 0a, 61, a8, 22, 44, 66, 88, 00, 00, 00, 00, Le: 13, 05, 05, 05, 05, 0c, 1f, 62, 00, 00, 00, 01, 00, 00, 00, 00, 00, 00, 00, 00, SW1: 90, SW2: 00
CLA: 80, INS: 22, P1: 00, P2: 00, Lc: 0d, 00, 00, 00, 00, 00, 00, 00, 00, 0a, 1b, 61, 0f, 21, Le: 0a, 61, a8, 00, 00, 00, 00, 00, 00, 00, 00, SW1: 90, SW2: 00
CLA: 80, INS: 20, P1: 02, P2: 00, Lc: 0a, 09, c4, 22, 44, 66, 88, 00, 00, 00, 00, Le: 13, 05, 05, 05, 05, 0c, 1f, 62, 61, a8, 00, 02, 00, 00, 00, 00, 00, 00, 00, 00, SW1: 90, SW2: 00
CLA: 80, INS: 22, P1: 00, P2: 00, Lc: 0d, 00, 00, 00, 00, 00, 00, 00, 00, 0a, 1b, 61, 0f, 23, Le: 0a, 57, e4, 00, 00, 00, 00, 00, 00, 00, 00, SW1: 90, SW2: 00
CLA: 00, INS: a4, P1: 04, P2: 00, Lc: 0a, a0, 00, 00, 00, 62, 03, 01, 0c, 02, 01, Le: 11, 6f, 0f, 84, 0a, a0, 00, 00, 00, 62, 03, 01, 0c, 02, 03, a5, 01, 42, SW1: 90, SW2: 00
CLA: 00, INS: 20, P1: 00, P2: 82, Lc: 04, 01, 02, 03, 04, Le: 00, SW1: 90, SW2: 00
CLA: 80, INS: 20, P1: 02, P2: 00, Lc: 0a, 08, f7, 33, 55, 77, 99, 00, 00, 00, 00, Le: 13, 05, 05, 05, 05, 0c, 1f, 62, 57, e4, 00, 03, 00, 00, 00, 00, 00, 00, 00, 00, SW1: 90, SW2: 00
CLA: 80, INS: 22, P1: 00, P2: 00, Lc: 0d, 00, 00, 00, 00, 00, 00, 00, 00, 0a, 1b, 61, 11, 2d, Le: 0a, 4e, ed, 00, 00, 00, 00, 00, 00, 00, 00, SW1: 90, SW2: 00
CLA: 00, INS: a4, P1: 04, P2: 00, Lc: 0a, a0, 00, 00, 00, 62, 03, 01, 0c, 02, 01, Le: 11, 6f, 0f, 84, 0a, a0, 00, 00, 00, 62, 03, 01, 0c, 02, 03, a5, 01, 42, SW1: 90, SW2: 00
CLA: 80, INS: 20, P1: 02, P2: 00, Lc: 0a, 08, f7, 33, 44, 55, 66, 00, 00, 00, 00, Le: 00, SW1: 69, SW2: 82
CLA: 00, INS: 20, P1: 00, P2: 82, Lc: 04, 01, 03, 05, 07, Le: 00, SW1: 69, SW2: c4
CLA: 80, INS: 20, P1: 02, P2: 00, Lc: 0a, 08, f7, 33, 44, 55, 66, 00, 00, 00, 00, Le: 00, SW1: 69, SW2: 82
CLA: 00, INS: 20, P1: 00, P2: 82, Lc: 04, 01, 02, 03, 04, Le: 00, SW1: 90, SW2: 00
CLA: 80, INS: 22, P1: 00, P2: 00, Lc: 0d, 00, 00, 00, 00, 00, 00, 00, 00, 0a, 1c, 61, 12, 2d, Le: 00, SW1: 91, SW2: 04
CLA: 80, INS: 20, P1: 02, P2: 00, Lc: 0a, 08, f7, 33, 44, 55, 66, 00, 00, 00, 00, Le: 13, 05, 05, 05, 05, 0c, 1f, 62, 4e, ed, 00, 04, 00, 00, 00, 00, 00, 00, 00, 00, SW1: 90, SW2: 00
CLA: 80, INS: 22, P1: 00, P2: 00, Lc: 0d, 11, 11, 11, 11, 11, 11, 11, 11, 0a, 1c, 61, 12, 30, Le: 00, SW1: 91, SW2: 05
CLA: 80, INS: 22, P1: 00, P2: 00, Lc: 0d, 35, a9, 3b, 26, 50, 58, 97, 93, 0a, 1c, 61, 12, 32, Le: 00, SW1: 91, SW2: 04
CLA: 80, INS: 20, P1: 02, P2: 00, Lc: 0a, 03, da, 33, 44, 55, 66, 00, 00, 00, 00, Le: 13, 05, 05, 05, 05, 0c, 1f, 62, 4e, ed, 00, 05, 00, 00, 00, 00, 00, 00, 00, 00, SW1: 90, SW2: 00
CLA: 80, INS: 22, P1: 00, P2: 00, Lc: 0d, 00, 00, 00, 00, 00, 00, 00, 00, 0a, 1c, 61, 12, 35, Le: 0a, 4b, 13, 00, 00, 00, 00, 00, 00, 00, 00, SW1: 90, SW2: 00
CLA: 80, INS: 20, P1: 02, P2: 00, Lc: 0a, 0b, b9, 33, 44, 55, 66, 00, 00, 00, 00, Le: 00, SW1: 91, SW2: 03
CLA: 80, INS: 20, P1: 01, P2: 00, Lc: 0a, 31, ee, 33, 44, 55, 66, 00, 00, 00, 00, Le: 00, SW1: 91, SW2: 01
CLA: 00, INS: a4, P1: 04, P2: 00, Lc: 0a, a0, 00, 00, 00, 62, 03, 01, 0c, 02, 01, Le: 11, 6f, 0f, 84, 0a, a0, 00, 00, 00, 62, 03, 01, 0c, 02, 03, a5, 01, 42, SW1: 90, SW2: 00
CLA: 00, INS: 20, P1: 00, P2: 82, Lc: 04, 01, 02, 03, 04, Le: 00, SW1: 90, SW2: 00
CLA: 00, INS: b2, P1: 01, P2: 24, Lc: 00, Le: 06, 4b, 13, 7d, 00, 0b, b8, SW1: 90, SW2: 00
CLA: 00, INS: b2, P1: 01, P2: 1c, Lc: 00, Le: 12, 00, 05, 02, 03, da, 33, 44, 55, 66, 0a, 1c, 61, 12, 35, 4b, 13, 90, 00, SW1: 90, SW2: 00
CLA: 00, INS: b2, P1: 02, P2: 1c, Lc: 00, Le: 12, 00, 04, 02, 08, f7, 33, 44, 55, 66, 0a, 1c, 61, 12, 30, 4e, ed, 91, 05, SW1: 90, SW2: 00
CLA: 00, INS: b2, P1: 03, P2: 1c, Lc: 00, Le: 12, 00, 03, 02, 08, f7, 33, 55, 77, 99, 0a, 1b, 61, 11, 2d, 4e, ed, 90, 00, SW1: 90, SW2: 00
CLA: 00, INS: b2, P1: 05, P2: 1c, Lc: 00, Le: 12, 00, 01, 01, 61, a8, 22, 44, 66, 88, 0a, 1b, 61, 0f, 21, 61, a8, 90, 00, SW1: 90, SW2: 00
CLA: 00, INS: b2, P1: 06, P2: 1c, Lc: 00, Le: 12, 00, 00, 00, 00, 00, 00, 00, 00, 00, 00, 00, 00, 00, 00, 00, 00, 00, 00, SW1: 90, SW2: 00
CLA: 00, INS: b2, P1: c5, P2: 10, Lc: 00, Le: 00, SW1: 69, SW2: 82
CLA: 00, INS: 20, P1: 00, P2: 81, Lc: 08, 01, 02, 03, 04, 05, 06, 07, 08, Le: 00, SW1: 90, SW2: 00
CLA: 00, INS: b2, P1: c5, P2: 10, Lc: 00, Le: 05, c5, 03, 0c, 1f, 62, SW1: 90, SW2: 00
CLA: 00, INS: a4, P1: 02, P2: 0c, Lc: 02, 91, 03, Le: 00, SW1: 90, SW2: 00
CLA: 00, INS: b2, P1: 01, P2: 04, Lc: 00, Le: 12, 00, 05, 02, 03, da, 33, 44, 55, 66, 0a, 1c, 61, 12, 35, 4b, 13, 90, 00, SW1: 90, SW2: 00
CLA: 00, INS: a4, P1: 04, P2: 00, Lc: 0a, a0, 00, 00, 00, 62, 03, 01, 0c, 02, 01, Le: 11, 6f, 0f, 84, 0a, a0, 00, 00, 00, 62, 03, 01, 0c, 02, 03, a5, 01, 42, SW1: 90, SW2: 00
CLA: 00, INS: 20, P1: 00, P2: 82, Lc: 04, 01, 02, 03, 04, Le: 00, SW1: 90, SW2: 00
CLA: 80, INS: 34, P1: 00, P2: 00, Lc: 00, Le: 00, SW1: 6d, SW2: 00
CLA: 60, INS: 00, P1: 00, P2: 00, Lc: 00, Le: 00, SW1: 6e, SW2: 00
CLA: 00, INS: 74, P1: 00, P2: 00, Lc: 00, Le: 00, SW1: 6d, SW2: 00
CLA: 80, INS: 20, P1: 03, P2: 00, Lc: 0a, 0b, b9, 33, 44, 55, 66, 00, 00, 00, 00, Le: 00, SW1: 6a, SW2: 86
CLA: 80, INS: 20, P1: 02, P2: 11, Lc: 0a, 0b, b9, 33, 44, 55, 66, 00, 00, 00, 00, Le: 00, SW1: 6a, SW2: 86
CLA: 80, INS: 20, P1: 02, P2: 11, Lc: 0b, 0b, b9, 33, 44, 55, 66, 00, 00, 00, 00, 00, Le: 00, SW1: 67, SW2: 00
CLA: 80, INS: 20, P1: 02, P2: 00, Lc: 0a, 03, da, 33, 44, 55, 66, 00, 00, 00, 00, Le: 13, 05, 05, 05, 05, 0c, 1f, 62, 4b, 13, 00, 06, 00, 00, 00, 00, 00, 00, 00, 00, SW1: 90, SW2: 00
CLA: 80, INS: 22, P1: 00, P2: 00, Lc: 0c, 00, 00, 00, 00, 00, 00, 00, 0a, 1c, 61, 12, 35, Le: 00, SW1: 67, SW2: 00
CLA: 80, INS: 22, P1: 11, P2: 00, Lc: 0d, 00, 00, 00, 00, 00, 00, 00, 00, 0a, 1c, 61, 12, 35, Le: 00, SW1: 6a, SW2: 86
CLA: 80, INS: 22, P1: 00, P2: 11, Lc: 0d, 00, 00, 00, 00, 00, 00, 00, 00, 0a, 1c, 61, 12, 35, Le: 00, SW1: 6a, SW2: 86
CLA: 00, INS: a4, P1: 04, P2: 00, Lc: 0a, a0, 00, 00, 00, 62, 03, 01, 0c, 02, 01, Le: 11, 6f, 0f, 84, 0a, a0, 00, 00, 00, 62, 03, 01, 0c, 02, 03, a5, 01, 42, SW1: 90, SW2: 00
CLA: 80, INS: 24, P1: 00, P2: 00, Lc: 00, Le: 00, SW1: 69, SW2: 82
CLA: 00, INS: 20, P1: 00, P2: 86, Lc: 08, 01, 02, 03, 04, 05, 06, 07, 08, Le: 00, SW1: 6a, SW2: 86
CLA: 00, INS: 20, P1: 00, P2: 81, Lc: 08, 01, 02, 03, 04, 05, 06, 07, 08, Le: 00, SW1: 90, SW2: 00
CLA: 80, INS: 24, P1: 11, P2: 00, Lc: 00, Le: 00, SW1: 6a, SW2: 86
CLA: 80, INS: 24, P1: 00, P2: 11, Lc: 00, Le: 00, SW1: 6a, SW2: 86
CLA: 80, INS: 24, P1: 00, P2: 00, Lc: 00, Le: 09, 05, 05, 05, 05, 0c, 1f, 62, 00, 09, SW1: 90, SW2: 00
CLA: 80, INS: 24, P1: 00, P2: 00, Lc: 00, Le: 00, SW1: 91, SW2: 04
CLA: 80, INS: 26, P1: 11, P2: 00, Lc: 15, 11, 22, 33, 44, 00, 00, 00, 00, c5, 03, 0c, 1f, 62, 00, 00, 00, 00, 00, 00, 00, 00, Le: 00, SW1: 6a, SW2: 86
CLA: 80, INS: 26, P1: 00, P2: 11, Lc: 15, 11, 22, 33, 44, 00, 00, 00, 00, c5, 03, 0c, 1f, 62, 00, 00, 00, 00, 00, 00, 00, 00, Le: 00, SW1: 6a, SW2: 86
CLA: 80, INS: 26, P1: 00, P2: 00, Lc: 15, 11, 22, 33, 44, 00, 00, 00, 00, c5, 03, 0c, 1f, 62, 00, 11, 00, 11, 00, 11, 00, 11, Le: 00, SW1: 91, SW2: 05
CLA: 80, INS: 26, P1: 00, P2: 00, Lc: 15, 11, 22, 33, 44, 00, 00, 00, 00, cf, 03, 0c, 1f, 62, 00, 00, 00, 00, 00, 00, 00, 00, Le: 00, SW1: 6a, SW2: 81
CLA: 80, INS: 26, P1: 00, P2: 00, Lc: 15, 11, 22, 33, 44, 00, 00, 00, 00, c5, 03, 0c, 1f, 62, 00, 00, 00, 00, 00, 00, 00, 00, Le: 08, 00, 00, 00, 00, 00, 00, 00, 00, SW1: 90, SW2: 00
CLA: 80, INS: 26, P1: 00, P2: 00, Lc: 15, 11, 22, 33, 44, 00, 00, 00, 00, c5, 03, 0c, 1f, 62, 00, 00, 00, 00, 00, 00, 00, 00, Le: 00, SW1: 91, SW2: 04
CLA: 80, INS: 24, P1: 00, P2: 00, Lc: 00, Le: 09, 05, 05, 05, 05, 0c, 1f, 62, 00, 0a, SW1: 90, SW2: 00
CLA: 80, INS: 26, P1: 00, P2: 00, Lc: 14, 11, 22, 33, 44, 00, 00, 00, 00, c8, 02, 4e, 20, 00, 00, 00, 00, 00, 00, 00, 00, Le: 08, 00, 00, 00, 00, 00, 00, 00, 00, SW1: 90, SW2: 00
CLA: 00, INS: a4, P1: 04, P2: 00, Lc: 0a, a0, 00, 00, 00, 62, 03, 01, 0c, 02, 01, Le: 11, 6f, 0f, 84, 0a, a0, 00, 00, 00, 62, 03, 01, 0c, 02, 03, a5, 01, 42, SW1: 90, SW2: 00
CLA: 00, INS: 20, P1: 00, P2: 82, Lc: 04, 01, 02, 03, 04, Le: 00, SW1: 90, SW2: 00
CLA: 80, INS: 20, P1: 02, P2: 00, Lc: 0a, 4e, 1f, 33, 44, 55, 66, 00, 00, 00, 00, Le: 00, SW1: 91, SW2: 02
CLA: 80, INS: 20, P1: 02, P2: 00, Lc: 0a, 4b, 13, 33, 44, 55, 66, 00, 00, 00, 00, Le: 13, 05, 05, 05, 05, 0c, 1f, 62, 4b, 13, 00, 06, 00, 00, 00, 00, 00, 00, 00, 00, SW1: 90, SW2: 00
CLA: 80, INS: 22, P1: 00, P2: 00, Lc: 0d, 00, 00, 00, 00, 00, 00, 00, 00, 0a, 1c, 61, 12, 35, Le: 0a, 00, 00, 00, 00, 00, 00, 00, 00, 00, 00, SW1: 90, SW2: 00
CLA: 00, INS: a4, P1: 04, P2: 00, Lc: 0a, a0, 00, 00, 00, 62, 03, 01, 0c, 05, 01, Le: 00, SW1: 90, SW2: 00
CLA: 90, INS: 20, P1: 00, P2: 00, Lc: 00, Le: 02, 00, 00, SW1: 90, SW2: 00
CLA: 90, INS: 22, P1: 00, P2: 00, Lc: 00, Le: 00, SW1: 90, SW2: 00
CLA: 00, INS: a4, P1: 04, P2: 00, Lc: 0a, a0, 00, 00, 00, 62, 03, 01, 0c, 06, 01, Le: 00, SW1: 90, SW2: 00
CLA: b0, INS: 20, P1: 00, P2: 00, Lc: 05, 01, 02, 03, 04, 05, Le: 00, SW1: 90, SW2: 00
CLA: b0, INS: 50, P1: 00, P2: 00, Lc: 00, Le: 02, 00, 00, SW1: 90, SW2: 00
CLA: b0, INS: 40, P1: 00, P2: 00, Lc: 01, 64, Le: 00, SW1: 6a, SW2: 85
CLA: b0, INS: 30, P1: 00, P2: 00, Lc: 01, 64, Le: 00, SW1: 90, SW2: 00
CLA: b0, INS: 50, P1: 00, P2: 00, Lc: 00, Le: 02, 00, 64, SW1: 90, SW2: 00
CLA: b0, INS: 40, P1: 00, P2: 00, Lc: 01, 32, Le: 00, SW1: 90, SW2: 00
CLA: b0, INS: 50, P1: 00, P2: 00, Lc: 00, Le: 02, 00, 32, SW1: 90, SW2: 00
CLA: b0, INS: 30, P1: 00, P2: 00, Lc: 01, 80, Le: 00, SW1: 6a, SW2: 83
CLA: b0, INS: 50, P1: 00, P2: 00, Lc: 00, Le: 02, 00, 32, SW1: 90, SW2: 00
CLA: b0, INS: 40, P1: 00, P2: 00, Lc: 01, 33, Le: 00, SW1: 6a, SW2: 85
CLA: b0, INS: 50, P1: 00, P2: 00, Lc: 00, Le: 02, 00, 32, SW1: 90, SW2: 00
CLA: b0, INS: 40, P1: 00, P2: 00, Lc: 01, 80, Le: 00, SW1: 6a, SW2: 83
CLA: b0, INS: 50, P1: 00, P2: 00, Lc: 00, Le: 02, 00, 32, SW1: 90, SW2: 00
CLA: 00, INS: a4, P1: 04, P2: 00, Lc: 0a, a0, 00, 00, 00, 62, 03, 01, 0c, 06, 01, Le: 00, SW1: 90, SW2: 00
CLA: b0, INS: 30, P1: 00, P2: 00, Lc: 01, 7f, Le: 00, SW1: 63, SW2: 01
CLA: b0, INS: 20, P1: 00, P2: 00, Lc: 04, 01, 03, 02, 66, Le: 00, SW1: 63, SW2: 00
CLA: b0, INS: 20, P1: 00, P2: 00, Lc: 05, 01, 02, 03, 04, 05, Le: 00, SW1: 90, SW2: 00
CLA: b0, INS: 50, P1: 00, P2: 00, Lc: 00, Le: 00, SW1: 67, SW2: 00
CLA: b0, INS: 50, P1: 00, P2: 00, Lc: 00, Le: 02, 00, 32, SW1: 90, SW2: 00
